c:\users\andre\onedrive\рабочий стол\psp lexer ps vita\psp recompileted ps vita\build\arm2mips.dir\debug\vc145.pdb
c:\users\andre\onedrive\рабочий стол\psp lexer ps vita\psp recompileted ps vita\build\arm2mips.dir\debug\mips.obj
c:\users\andre\onedrive\рабочий стол\psp lexer ps vita\psp recompileted ps vita\build\arm2mips.dir\debug\arm_block_builder.obj
c:\users\andre\onedrive\рабочий стол\psp lexer ps vita\psp recompileted ps vita\build\arm2mips.dir\debug\arm_cfg.obj
c:\users\andre\onedrive\рабочий стол\psp lexer ps vita\psp recompileted ps vita\build\arm2mips.dir\debug\arm_cpu.obj
c:\users\andre\onedrive\рабочий стол\psp lexer ps vita\psp recompileted ps vita\build\arm2mips.dir\debug\arm_memory.obj
c:\users\andre\onedrive\рабочий стол\psp lexer ps vita\psp recompileted ps vita\build\arm2mips.dir\debug\hle_registry.obj
c:\users\andre\onedrive\рабочий стол\psp lexer ps vita\psp recompileted ps vita\build\arm2mips.dir\debug\hle_ctrl.obj
c:\users\andre\onedrive\рабочий стол\psp lexer ps vita\psp recompileted ps vita\build\arm2mips.dir\debug\hle_dispatcher.obj
c:\users\andre\onedrive\рабочий стол\psp lexer ps vita\psp recompileted ps vita\build\arm2mips.dir\debug\hle.obj
c:\users\andre\onedrive\рабочий стол\psp lexer ps vita\psp recompileted ps vita\build\arm2mips.dir\debug\vita_elf.obj
c:\users\andre\onedrive\рабочий стол\psp lexer ps vita\psp recompileted ps vita\build\arm2mips.dir\debug\arm_interpreter.obj
c:\users\andre\onedrive\рабочий стол\psp lexer ps vita\psp recompileted ps vita\build\arm2mips.dir\debug\arm_decoder.obj
c:\users\andre\onedrive\рабочий стол\psp lexer ps vita\psp recompileted ps vita\build\arm2mips.dir\debug\main.obj
c:\users\andre\onedrive\рабочий стол\psp lexer ps vita\psp recompileted ps vita\build\arm2mips.dir\debug\thumb_decoder.obj
c:\users\andre\onedrive\рабочий стол\psp lexer ps vita\psp recompileted ps vita\build\arm2mips.dir\debug\arm_engine.obj
c:\users\andre\onedrive\рабочий стол\psp lexer ps vita\psp recompileted ps vita\build\cmakefiles\generate.stamp
c:\users\andre\onedrive\рабочий стол\psp lexer ps vita\psp recompileted ps vita\build\debug\arm2mips.exe
c:\users\andre\onedrive\рабочий стол\psp lexer ps vita\psp recompileted ps vita\build\debug\arm2mips.pdb
c:\users\andre\onedrive\рабочий стол\psp lexer ps vita\psp recompileted ps vita\build\arm2mips.dir\debug\arm2mips.ilk
c:\users\andre\onedrive\рабочий стол\psp lexer ps vita\psp recompileted ps vita\build\arm2mips.dir\debug\arm2mips.tlog\cl.command.1.tlog
c:\users\andre\onedrive\рабочий стол\psp lexer ps vita\psp recompileted ps vita\build\arm2mips.dir\debug\arm2mips.tlog\cl.items.tlog
c:\users\andre\onedrive\рабочий стол\psp lexer ps vita\psp recompileted ps vita\build\arm2mips.dir\debug\arm2mips.tlog\cl.read.1.tlog
c:\users\andre\onedrive\рабочий стол\psp lexer ps vita\psp recompileted ps vita\build\arm2mips.dir\debug\arm2mips.tlog\cl.write.1.tlog
c:\users\andre\onedrive\рабочий стол\psp lexer ps vita\psp recompileted ps vita\build\arm2mips.dir\debug\arm2mips.tlog\custombuild.command.1.tlog
c:\users\andre\onedrive\рабочий стол\psp lexer ps vita\psp recompileted ps vita\build\arm2mips.dir\debug\arm2mips.tlog\custombuild.read.1.tlog
c:\users\andre\onedrive\рабочий стол\psp lexer ps vita\psp recompileted ps vita\build\arm2mips.dir\debug\arm2mips.tlog\custombuild.write.1.tlog
c:\users\andre\onedrive\рабочий стол\psp lexer ps vita\psp recompileted ps vita\build\arm2mips.dir\debug\arm2mips.tlog\link.command.1.tlog
c:\users\andre\onedrive\рабочий стол\psp lexer ps vita\psp recompileted ps vita\build\arm2mips.dir\debug\arm2mips.tlog\link.read.1.tlog
c:\users\andre\onedrive\рабочий стол\psp lexer ps vita\psp recompileted ps vita\build\arm2mips.dir\debug\arm2mips.tlog\link.secondary.1.tlog
c:\users\andre\onedrive\рабочий стол\psp lexer ps vita\psp recompileted ps vita\build\arm2mips.dir\debug\arm2mips.tlog\link.write.1.tlog
